
ASEM-51 V1.3                                         Copyright (c) 2002 by W.W. Heinz                                         PAGE 1





       MCS-51 Family Macro Assembler   A S E M - 5 1   V 1.3
       =====================================================



	Source File:	D:\LAB-Microprocessor\Lab2\ส่งแลป\Test2.asm
	Object File:	D:\LAB-Microprocessor\Lab2\ส่งแลป\Test2.hex
	List File:	D:\LAB-Microprocessor\Lab2\ส่งแลป\Test2.lst



 Line  I  Addr  Code            Source

    1:				;==== Test2.ASM "LONG" ====
    2:		N      0000		ORG	0000H
    3:	  0000	90 E0 60	START:	MOV	DPTR,#0E060H
    4:	  0003	74 3F			MOV	A,#3FH	;Show 0
    5:	  0005	F0			MOVX	@DPTR,A
    6:	  0006	12 00 63		CALL	DELAY
    7:
    8:	  0009	74 06			MOV	A,#06H	;Show 1
    9:	  000B	F0			MOVX	@DPTR,A
   10:	  000C	12 00 63		CALL	DELAY
   11:
   12:	  000F	74 5B			MOV	A,#5BH	;Show 2
   13:	  0011	F0			MOVX	@DPTR,A
   14:	  0012	12 00 63		CALL	DELAY
   15:
   16:	  0015	74 4F			MOV	A,#4FH	;Show 3
   17:	  0017	F0			MOVX	@DPTR,A
   18:	  0018	12 00 63		CALL	DELAY
   19:
   20:	  001B	74 66			MOV	A,#66H	;Show 4
   21:	  001D	F0			MOVX	@DPTR,A
   22:	  001E	12 00 63		CALL	DELAY
   23:
   24:	  0021	74 6D			MOV	A,#6DH	;Show 5
   25:	  0023	F0			MOVX	@DPTR,A
   26:	  0024	12 00 63		CALL	DELAY
   27:
   28:	  0027	74 7D			MOV	A,#7DH	;Show 6
   29:	  0029	F0			MOVX	@DPTR,A
   30:	  002A	12 00 63		CALL	DELAY
   31:
   32:	  002D	74 07			MOV	A,#07H	;Show 7
   33:	  002F	F0			MOVX	@DPTR,A
   34:	  0030	12 00 63		CALL	DELAY
   35:
   36:	  0033	74 7F			MOV	A,#7FH	;Show 8
   37:	  0035	F0			MOVX	@DPTR,A
   38:	  0036	12 00 63		CALL	DELAY
   39:
   40:	  0039	74 6F			MOV	A,#6FH	;Show 9
   41:	  003B	F0			MOVX	@DPTR,A
   42:	  003C	12 00 63		CALL	DELAY
   43:

ASEM-51 V1.3                                         Copyright (c) 2002 by W.W. Heinz                                         PAGE 2



 Line  I  Addr  Code            Source

   44:	  003F	74 77			MOV	A,#77H	;Show A
   45:	  0041	F0			MOVX	@DPTR,A
   46:	  0042	12 00 63		CALL	DELAY
   47:
   48:	  0045	74 7C			MOV	A,#7CH	;Show B
   49:	  0047	F0			MOVX	@DPTR,A
   50:	  0048	12 00 63		CALL	DELAY
   51:
   52:	  004B	74 39			MOV	A,#39H	;Show C
   53:	  004D	F0			MOVX	@DPTR,A
   54:	  004E	12 00 63		CALL	DELAY
   55:
   56:	  0051	74 5E			MOV	A,#5EH	;Show D
   57:	  0053	F0			MOVX	@DPTR,A
   58:	  0054	12 00 63		CALL	DELAY
   59:
   60:	  0057	74 79			MOV	A,#79H	;Show E
   61:	  0059	F0			MOVX	@DPTR,A
   62:	  005A	12 00 63		CALL	DELAY
   63:
   64:	  005D	74 71			MOV	A,#71H	;Show F
   65:	  005F	F0			MOVX	@DPTR,A
   66:	  0060	12 00 63		CALL	DELAY
   67:
   68:	  0063	7D 04		DELAY:	MOV	R5,#04
   69:	  0065	7E C8		DELAY1:	MOV	R6,#200
   70:	  0067	7F C8		DELAY2:	MOV	R7,#200
   71:	  0069	DF FE		DELAY3:	DJNZ	R7,DELAY3
   72:	  006B	DE FA			DJNZ	R6,DELAY2
   73:	  006D	DD F6			DJNZ	R5,DELAY1
   74:	  006F	22			RET
   75:
   76:					END





                     register banks used:  ---

                     no errors




ASEM-51 V1.3                                         Copyright (c) 2002 by W.W. Heinz                                         PAGE 3





	       L I S T   O F   S Y M B O L S
	       =============================


SYMBOL				  TYPE     VALUE	LINE
------------------------------------------------------------
??ASEM_51			  NUMBER    8051
??VERSION			  NUMBER    0130
AC				  BIT	      D6
ACC				  DATA	      E0
B				  DATA	      F0
CY				  BIT	      D7
DELAY				  CODE	    0063	  68
DELAY1				  CODE	    0065	  69
DELAY2				  CODE	    0067	  70
DELAY3				  CODE	    0069	  71
DPH				  DATA	      83
DPL				  DATA	      82
EA				  BIT	      AF
ES				  BIT	      AC
ET0				  BIT	      A9
ET1				  BIT	      AB
EX0				  BIT	      A8
EX1				  BIT	      AA
EXTI0				  CODE	    0003
EXTI1				  CODE	    0013
F0				  BIT	      D5
IE				  DATA	      A8
IE0				  BIT	      89
IE1				  BIT	      8B
INT0				  BIT	      B2
INT1				  BIT	      B3
IP				  DATA	      B8
IT0				  BIT	      88
IT1				  BIT	      8A
OV				  BIT	      D2
P				  BIT	      D0
P0				  DATA	      80
P1				  DATA	      90
P2				  DATA	      A0
P3				  DATA	      B0
PCON				  DATA	      87
PS				  BIT	      BC
PSW				  DATA	      D0
PT0				  BIT	      B9
PT1				  BIT	      BB
PX0				  BIT	      B8
PX1				  BIT	      BA
RB8				  BIT	      9A
RD				  BIT	      B7
REN				  BIT	      9C
RESET				  CODE	    0000
RI				  BIT	      98
RS0				  BIT	      D3
RS1				  BIT	      D4
RXD				  BIT	      B0

ASEM-51 V1.3                                         Copyright (c) 2002 by W.W. Heinz                                         PAGE 4



SYMBOL				  TYPE     VALUE	LINE
------------------------------------------------------------
SBUF				  DATA	      99
SCON				  DATA	      98
SINT				  CODE	    0023
SM0				  BIT	      9F
SM1				  BIT	      9E
SM2				  BIT	      9D
SP				  DATA	      81
START				  CODE	    0000	   3
T0				  BIT	      B4
T1				  BIT	      B5
TB8				  BIT	      9B
TCON				  DATA	      88
TF0				  BIT	      8D
TF1				  BIT	      8F
TH0				  DATA	      8C
TH1				  DATA	      8D
TI				  BIT	      99
TIMER0				  CODE	    000B
TIMER1				  CODE	    001B
TL0				  DATA	      8A
TL1				  DATA	      8B
TMOD				  DATA	      89
TR0				  BIT	      8C
TR1				  BIT	      8E
TXD				  BIT	      B1
WR				  BIT	      B6
